Microchip MPLAB XC8 Compiler V1.45 ()

Linker command line:

-W-9 --edf=E:\Software\SCMCU_IDE_V2.00.16\data\dat\en_msgs.txt -cs \
  -h+SC8P171XE_IO.sym --cmf=SC8P171XE_IO.cmf -z -QSC8P1712E \
  -oC:\Users\19175\AppData\Local\Temp\sna4.2 -MSC8P171XE_IO.map -E1 \
  -ver=XC8 -ASTACK=0D7h-0efh -pstack=STACK -ACODE=00h-07FFh \
  -ASTRCODE=00h-07FFh -ASTRING=00h-0FFhx8 -ACONST=00h-0FFhx8 \
  -AENTRY=00h-0FFhx8 -ACOMMON=070h-07Fh -ABANK0=020h-06Fh -ABANK1=0A0h-0EFh \
  -ARAM=020h-06Fh,0A0h-0EFh -AABS1=020h-07Fh,0A0h-0EFh -ASFR0=00h-01Fh \
  -ASFR1=080h-09Fh -preset_vec=00h,intentry=04h,init,end_init \
  -ppowerup=CODE -pcinit=CODE -pfunctab=ENTRY -ACONFIG=02007h-02008h \
  -pconfig=CONFIG -DCONFIG=2 -AIDLOC=02000h-02003h -pidloc=IDLOC -DIDLOC=2 \
  -DCODE=2 -DSTRCODE=2 -DSTRING=2 -DCONST=2 -DENTRY=2 -k startup.obj \
  SC8P171XE_IO.obj 

Object code version is 3.11

Machine type is SC8P1712E



                Name                               Link     Load   Length Selector   Space Scale
startup.obj     end_init                              A        A        1        8       0
                reset_vec                             0        0        1        0       0
SC8P171XE_IO.obj
                cinit                                 B        B       1A        8       0
                functab                              25       25        9       4A       0
                intentry                              4        4        6        8       0
                text49                              346      346       49       5C       0
                text48                              6EE      6EE       13       5C       0
                text47                              55D      55D       2E       5C       0
                text46                              139      139       8A       5C       0
                text45                              232      232       63       5C       0
                text44                              44D      44D       3A       5C       0
                text43                              7C1      7C1        7       5C       0
                text42                              7BA      7BA        7       5C       0
                text41                              786      786        B       5C       0
                text40                              58B      58B       2D       5C       0
                text39                              761      761        E       5C       0
                text38                              7D9      7D9        5       5C       0
                text37                              7D4      7D4        5       5C       0
                text36                              295      295       61       5C       0
                text35                              7E4      7E4        1      FC4       0
                text34                              734      734       10       5C       0
                text33                              5E4      5E4       2C       5C       0
                text32                               2E       2E      10B       5C       0
                text31                              7E3      7E3        1      FC4       0
                text30                              7CE      7CE        6       5C       0
                text29                              723      723       11       5C       0
                text28                              3D5      3D5       3D       5C       0
                text27                              712      712       11       5C       0
                text26                              6BE      6BE       1A       5C       0
                text25                              5B8      5B8       2C       5C       0
                text24                              2F6      2F6       50       5C       0
                text23                              77B      77B        B       5C       0
                text22                              701      701       11       5C       0
                text21                              610      610       2B       5C       0
                text20                              412      412       3B       5C       0
                text19                              7AB      7AB        8       5C       0
                text18                              683      683       1F       5C       0
                text17                              38F      38F       46       5C       0
                text16                              487      487       38       5C       0
                text15                              4F6      4F6       37       5C       0
                text14                              4BF      4BF       37       5C       0
                text13                              7C8      7C8        6       5C       0
                text12                              79A      79A        9       5C       0
                text11                              753      753        E       5C       0
                text10                              6D8      6D8       16       5C       0
                text9                               52D      52D       30       5C       0
                text8                               76F      76F        C       5C       0
                text7                               6A2      6A2       1C       5C       0
                text6                               63B      63B       29       5C       0
                text5                               791      791        9       5C       0
                text4                               7E2      7E2        1      FC4       0
                swtext1                             7DE      7DE        4      FBC       0
                text3                               744      744        F       5C       0
                text2                               7B3      7B3        7       5C       0
                text1                               1C3      1C3       6F       5C       0
                maintext                            664      664       1F       5C       0
                cstackBANK0                          53       53        E       20       1
                cstackCOMMON                         70       70        B       70       1
                clrtext                             7A3      7A3        8       5C       0
                bssBANK1                             A0       A0       37       A0       1
                dataBANK0                            61       61        B       20       1
                bssBANK0                             20       20       33       20       1
                bitbssCOMMON                        3D8       7B        7       70       1     8
                nvBANK0                              6C       6C        2       20       1

TOTAL           Name                               Link     Load   Length     Space
        CLASS   STACK          

        CLASS   CODE           
                end_init                              A        A        1         0
                cinit                                 B        B       1A         0
                intentry                              4        4        6         0
                reset_vec                             0        0        1         0
                text49                              346      346       49         0
                text48                              6EE      6EE       13         0
                text47                              55D      55D       2E         0
                text46                              139      139       8A         0
                text45                              232      232       63         0
                text44                              44D      44D       3A         0
                text43                              7C1      7C1        7         0
                text42                              7BA      7BA        7         0
                text41                              786      786        B         0
                text40                              58B      58B       2D         0
                text39                              761      761        E         0
                text38                              7D9      7D9        5         0
                text37                              7D4      7D4        5         0
                text36                              295      295       61         0
                text35                              7E4      7E4        1         0
                text34                              734      734       10         0
                text33                              5E4      5E4       2C         0
                text32                               2E       2E      10B         0
                text31                              7E3      7E3        1         0
                text30                              7CE      7CE        6         0
                text29                              723      723       11         0
                text28                              3D5      3D5       3D         0
                text27                              712      712       11         0
                text26                              6BE      6BE       1A         0
                text25                              5B8      5B8       2C         0
                text24                              2F6      2F6       50         0
                text23                              77B      77B        B         0
                text22                              701      701       11         0
                text21                              610      610       2B         0
                text20                              412      412       3B         0
                text19                              7AB      7AB        8         0
                text18                              683      683       1F         0
                text17                              38F      38F       46         0
                text16                              487      487       38         0
                text15                              4F6      4F6       37         0
                text14                              4BF      4BF       37         0
                text13                              7C8      7C8        6         0
                text12                              79A      79A        9         0
                text11                              753      753        E         0
                text10                              6D8      6D8       16         0
                text9                               52D      52D       30         0
                text8                               76F      76F        C         0
                text7                               6A2      6A2       1C         0
                text6                               63B      63B       29         0
                text5                               791      791        9         0
                text4                               7E2      7E2        1         0
                text3                               744      744        F         0
                text2                               7B3      7B3        7         0
                text1                               1C3      1C3       6F         0
                maintext                            664      664       1F         0
                clrtext                             7A3      7A3        8         0

        CLASS   STRCODE        

        CLASS   STRING         

        CLASS   CONST          
                swtext1                             7DE      7DE        4         0

        CLASS   ENTRY          
                functab                              25       25        9         0

        CLASS   COMMON         
                cstackCOMMON                         70       70        B         1
                bitbssCOMMON                        3D8       7B        7         1

        CLASS   BANK0          
                cstackBANK0                          53       53        E         1
                dataBANK0                            61       61        B         1
                bssBANK0                             20       20       33         1
                nvBANK0                              6C       6C        2         1

        CLASS   BANK1          
                bssBANK1                             A0       A0       37         1

        CLASS   RAM            

        CLASS   ABS1           
                abs_s1                               7E       7E        2         1

        CLASS   SFR0           

        CLASS   SFR1           

        CLASS   CONFIG         

        CLASS   IDLOC          

        CLASS   EEDATA         



SEGMENTS        Name                           Load    Length   Top    Selector   Space  Class     Delta

                reset_vec                      000000  000001  000001         0       0  CODE        2
                intentry                       000004  000021  000025         8       0  CODE        2
                bssBANK0                       000020  00004E  00006E        20       1  BANK0       1
                functab                        000025  000009  00002E        4A       0  ENTRY       2
                text32                         00002E  0007B0  0007DE        5C       0  CODE        2
                cstackCOMMON                   000070  00000C  00007C        70       1  COMMON      1
                bssBANK1                       0000A0  000037  0000D7        A0       1  BANK1       1
                swtext1                        0007DE  000004  0007E2       FBC       0  CONST       2
                text4                          0007E2  000003  0007E5       FC4       0  CODE        2


UNUSED ADDRESS RANGES

        Name                Unused          Largest block    Delta
        BANK0            06E-06F             2           1
        BANK1            0D7-0EF            19           1
        CODE             001-003             3           2
                         7E5-7FF            1B
        COMMON           07C-07D             2           1
        CONFIG           2007-2008             2           2
        CONST            001-003             3           2
                         7E5-7FF            1B
        ENTRY            001-003             3           2
                         7E5-7FF            1B
        IDLOC            2000-2003             4           2
        RAM              06E-06F             2           1
                         0D7-0EF            19
        SFR0             000-01F            20           1
        SFR1             080-09F            20           1
        STACK            0D7-0EF            19           1
        STRCODE          001-003             3           2
                         7E5-7FF            1B
        STRING           001-003             3           2
                         7E5-7FF            1B

                                  Symbol Table

?_AdcOneChk                               cstackBANK0  053
?_AdcResultChk                            cstackBANK0  059
AdcOneChk@ad_result                       cstackBANK0  057
AdcOneChk@adldo                           cstackBANK0  053
AdcOneChk@i                               cstackBANK0  056
AdcResultChk@ad_value                     cstackBANK0  05E
AdcResultChk@adch                         cstackBANK0  05C
AdcResultChk@adldo                        cstackBANK0  059
AdcResultChk@i                            cstackBANK0  05D
ChargePwmOut@Duty                         cstackBANK0  053
PL10                                      text9        558
PL12                                      text32       134
PL14                                      text45       290
PL2                                       text20       448
PL4                                       text32       12E
PL6                                       text1        22C
PL8                                       text26       6D3
_ADCON0                                   (abs)        01F
_ADCON1                                   (abs)        09F
_ADON                                     (abs)        0F8
_ADRESH                                   (abs)        01E
_ADRESL                                   (abs)        09E
_ANSELH                                   (abs)        094
_AdcConfig                                text30       7CE
_AdcOneChk                                text40       58B
_AdcResultChk                             text39       761
_BatAdcCnt                                bssBANK0     051
_BatStates                                dataBANK0    06B
_ChargePwmOut                             text34       734
_Charge_Check                             text32       02E
_Cnt10ms                                  bssBANK1     0CD
_Cnt1ms                                   bssBANK1     0CB
_CntLedFlash                              bssBANK0     02E
_CntLowPowerOff                           bssBANK0     050
_CntSleep                                 bssBANK0     045
_CntWaterDrive                            bssBANK0     03D
_Flag_10ms                                bitbssCOMMON 3D8
_Flag_1ms                                 bitbssCOMMON 3D9
_Flag_250us                               bitbssCOMMON 3DA
_GIE                                      (abs)        05F
_GODONE                                   (abs)        0F9
_GotoSleep                                text28       3D5
_INTCON                                   (abs)        00B
_IOCA                                     (abs)        009
_IOCB                                     (abs)        096
_KeyPressCnt1                             bssBANK0     034
_KeyPressCnt2                             bssBANK0     032
_KeyPressCnt3                             bssBANK0     030
_KeyRelaxCnt1                             bssBANK0     049
_KeyRelaxCnt2                             bssBANK0     048
_KeyRelaxCnt3                             bssBANK0     047
_MOTOR_InitStruct                         bssBANK1     0BC
_Mode_control                             text49       346
_MotorWaterDrive                          text48       6EE
_MotorWaterDuty                           bssBANK0     03C
_OPTION_REG                               (abs)        081
_OSCCON                                   (abs)        08F
_PEIE                                     (abs)        05E
_PORTA                                    (abs)        005
_PORTB                                    (abs)        006
_PR2                                      (abs)        092
_PWM0EN                                   (abs)        0D8
_PWMCON                                   (abs)        01B
_PWMD0L                                   (abs)        016
_PWMIF                                    (abs)        062
_PWMTH                                    (abs)        01A
_PWMTL                                    (abs)        019
_PWM_Cnt                                  bssBANK0     02A
_PWM_Duty                                 bssBANK0     02C
_PWM_dir                                  bitbssCOMMON 3DC
_PortInit                                 text29       723
_PwmConfig                                text43       7C1
_RA0                                      (abs)        028
_RA1                                      (abs)        029
_RA2                                      (abs)        02A
_RA3                                      (abs)        02B
_RA4                                      (abs)        02C
_RA5                                      (abs)        02D
_RA6                                      (abs)        02E
_RAIE                                     (abs)        463
_RAIF                                     (abs)        063
_RB0                                      (abs)        030
_RB1                                      (abs)        031
_RB2                                      (abs)        032
_RB3                                      (abs)        033
_RB5                                      (abs)        035
_RB6                                      (abs)        036
_RBIE                                     (abs)        05B
_RBIF                                     (abs)        058
_SWDTEN                                   (abs)        440
_T0IE                                     (abs)        05D
_T0IF                                     (abs)        05A
_T2CON                                    (abs)        012
_TMR0                                     (abs)        001
_TMR2IE                                   (abs)        461
_TMR2IF                                   (abs)        061
_TRISA                                    (abs)        085
_TRISB                                    (abs)        086
_TRISB3                                   (abs)        433
_Timer0Cofng                              text42       7BA
_Timer2Config                             text41       786
_Timer2_Isr                               text44       44D
_WDTCON                                   (abs)        088
_WPUA                                     (abs)        007
_WPUB                                     (abs)        095
__Habs1                                   abs1         000
__Hbank0                                  bank0        000
__Hbank1                                  bank1        000
__HbitbssCOMMON                           bitbssCOMMON 000
__HbssBANK0                               bssBANK0     000
__HbssBANK1                               bssBANK1     000
__Hcinit                                  cinit        025
__Hclrtext                                clrtext      000
__Hcode                                   code         000
__Hcommon                                 common       000
__Hconfig                                 config       000
__HcstackBANK0                            cstackBANK0  000
__HcstackCOMMON                           cstackCOMMON 000
__HdataBANK0                              dataBANK0    000
__Heeprom_data                            eeprom_data  000
__Hend_init                               end_init     00B
__Hfunctab                                functab      02E
__HidataBANK0                             idataBANK0   000
__Hidloc                                  idloc        000
__Hinit                                   init         00A
__Hintentry                               intentry     00A
__Hmaintext                               maintext     000
__HnvBANK0                                nvBANK0      000
__Hpa_nodes0                              pa_nodes0    000
__Hpowerup                                powerup      000
__Hram                                    ram          000
__Hreset_vec                              reset_vec    001
__Hsfr0                                   sfr0         000
__Hsfr1                                   sfr1         000
__Hspace_0                                (abs)        7E5
__Hspace_1                                (abs)        3DF
__Hspace_2                                (abs)        000
__Hspace_3                                (abs)        000
__Hstack                                  stack        000
__Hstrings                                strings      000
__Htext                                   text         000
__Labs1                                   abs1         000
__Lbank0                                  bank0        000
__Lbank1                                  bank1        000
__LbitbssCOMMON                           bitbssCOMMON 000
__LbssBANK0                               bssBANK0     000
__LbssBANK1                               bssBANK1     000
__Lcinit                                  cinit        00B
__Lclrtext                                clrtext      000
__Lcode                                   code         000
__Lcommon                                 common       000
__Lconfig                                 config       000
__LcstackBANK0                            cstackBANK0  000
__LcstackCOMMON                           cstackCOMMON 000
__LdataBANK0                              dataBANK0    000
__Leeprom_data                            eeprom_data  000
__Lend_init                               end_init     00A
__Lfunctab                                functab      025
__LidataBANK0                             idataBANK0   000
__Lidloc                                  idloc        000
__Linit                                   init         00A
__Lintentry                               intentry     004
__Lmaintext                               maintext     000
__LnvBANK0                                nvBANK0      000
__Lpa_nodes0                              pa_nodes0    000
__Lpowerup                                powerup      000
__Lram                                    ram          000
__Lreset_vec                              reset_vec    000
__Lsfr0                                   sfr0         000
__Lsfr1                                   sfr1         000
__Lspace_0                                (abs)        000
__Lspace_1                                (abs)        000
__Lspace_2                                (abs)        000
__Lspace_3                                (abs)        000
__Lstack                                  stack        000
__Lstrings                                strings      000
__Ltext                                   text         000
__S0                                      (abs)        7E5
__S1                                      (abs)        0D7
__S2                                      (abs)        000
___int_sp                                 stack        000
___latbits                                (abs)        000
___sp                                     stack        000
__end_ofPL10                              text9        55D
__end_ofPL12                              text32       139
__end_ofPL14                              text45       295
__end_ofPL2                               text20       44D
__end_ofPL4                               text32       134
__end_ofPL6                               text1        232
__end_ofPL8                               text26       6D8
__end_of_AdcConfig                        text30       7D4
__end_of_AdcOneChk                        text40       5B8
__end_of_AdcResultChk                     text39       76F
__end_of_ChargePwmOut                     text34       744
__end_of_Charge_Check                     text32       12E
__end_of_GotoSleep                        text28       412
__end_of_Mode_control                     text49       38F
__end_of_MotorWaterDrive                  text48       701
__end_of_PortInit                         text29       734
__end_of_PwmConfig                        text43       7C8
__end_of_Timer0Cofng                      text42       7C1
__end_of_Timer2Config                     text41       791
__end_of_Timer2_Isr                       text44       487
__end_of__fptable                         functab      02E
__end_of__initialization                  cinit        023
__end_of_app_adc_bat_voltage_check        text36       2F6
__end_of_app_adc_process                  text35       7E5
__end_of_app_led_mode_set                 text25       5E4
__end_of_app_led_water_mode_set           text20       448
__end_of_app_process_charge               text31       7E4
__end_of_app_process_charing              text11       761
__end_of_app_process_go_to_sleep          text27       723
__end_of_app_process_key                  text13       7CE
__end_of_app_process_motor_duty           text24       346
__end_of_app_process_power_off            text12       7A3
__end_of_app_process_set_mode_init        text23       786
__end_of_app_process_set_mode_next        text22       712
__end_of_app_process_set_water_mode_next  text19       7B3
__end_of_app_process_set_water_state      text38       7DE
__end_of_app_process_set_work_state       text37       7D9
__end_of_app_process_water_mdoe_led       text7        6BE
__end_of_app_process_water_working        text6        664
__end_of_app_process_water_workoff        text4        7E3
__end_of_app_process_work                 text8        77B
__end_of_app_process_working              text9        558
__end_of_app_water_process_work           text3        753
__end_of_charge_or_lowBat_check           text26       6D3
__end_of_handle_key_pwr                   text21       63B
__end_of_handle_key_water                 text17       3D5
__end_of_key_brush_pwr_check              text16       4BF
__end_of_key_water_mode_check             text15       52D
__end_of_key_water_pwr_check              text14       4F6
__end_of_led_charge_pwm                   text46       1C3
__end_of_main                             maintext     683
__end_of_process_led                      text45       290
__end_of_process_led_remind_low_power     text1        22C
__end_of_set_led_dirct_state              text2        7BA
__end_of_set_led_state                    text33       610
__end_of_water_motor                      text18       6A2
__end_of_water_turn_off                   text5        79A
__end_of_work_chang_timing                text10       6EE
__end_ofi1_set_led_state                  text47       58B
__fptable                                 functab      025
__initialization                          cinit        00B
__pbitbssCOMMON                           bitbssCOMMON 3D8
__pbssBANK0                               bssBANK0     020
__pbssBANK1                               bssBANK1     0A0
__pcstackBANK0                            cstackBANK0  053
__pcstackCOMMON                           cstackCOMMON 070
__pdataBANK0                              dataBANK0    061
__pfunctab                                functab      025
__pidataBANK0                             idataBANK0   000
__pintentry                               intentry     004
__pmaintext                               maintext     664
__pnvBANK0                                nvBANK0      06C
__pswtext1                                swtext1      7DE
__ptext1                                  text1        1C3
__ptext10                                 text10       6D8
__ptext11                                 text11       753
__ptext12                                 text12       79A
__ptext13                                 text13       7C8
__ptext14                                 text14       4BF
__ptext15                                 text15       4F6
__ptext16                                 text16       487
__ptext17                                 text17       38F
__ptext18                                 text18       683
__ptext19                                 text19       7AB
__ptext2                                  text2        7B3
__ptext20                                 text20       412
__ptext21                                 text21       610
__ptext22                                 text22       701
__ptext23                                 text23       77B
__ptext24                                 text24       2F6
__ptext25                                 text25       5B8
__ptext26                                 text26       6BE
__ptext27                                 text27       712
__ptext28                                 text28       3D5
__ptext29                                 text29       723
__ptext3                                  text3        744
__ptext30                                 text30       7CE
__ptext31                                 text31       7E3
__ptext32                                 text32       02E
__ptext33                                 text33       5E4
__ptext34                                 text34       734
__ptext35                                 text35       7E4
__ptext36                                 text36       295
__ptext37                                 text37       7D4
__ptext38                                 text38       7D9
__ptext39                                 text39       761
__ptext4                                  text4        7E2
__ptext40                                 text40       58B
__ptext41                                 text41       786
__ptext42                                 text42       7BA
__ptext43                                 text43       7C1
__ptext44                                 text44       44D
__ptext45                                 text45       232
__ptext46                                 text46       139
__ptext47                                 text47       55D
__ptext48                                 text48       6EE
__ptext49                                 text49       346
__ptext5                                  text5        791
__ptext6                                  text6        63B
__ptext7                                  text7        6A2
__ptext8                                  text8        76F
__ptext9                                  text9        52D
__size_of_AdcConfig                       (abs)        000
__size_of_AdcOneChk                       (abs)        000
__size_of_AdcResultChk                    (abs)        000
__size_of_ChargePwmOut                    (abs)        000
__size_of_Charge_Check                    (abs)        000
__size_of_GotoSleep                       (abs)        000
__size_of_Mode_control                    (abs)        000
__size_of_MotorWaterDrive                 (abs)        000
__size_of_PortInit                        (abs)        000
__size_of_PwmConfig                       (abs)        000
__size_of_Timer0Cofng                     (abs)        000
__size_of_Timer2Config                    (abs)        000
__size_of_Timer2_Isr                      (abs)        000
__size_of__fptable                        (abs)        000
__size_of_app_adc_bat_voltage_check       (abs)        000
__size_of_app_adc_process                 (abs)        000
__size_of_app_led_mode_set                (abs)        000
__size_of_app_led_water_mode_set          (abs)        000
__size_of_app_process_charge              (abs)        000
__size_of_app_process_charing             (abs)        000
__size_of_app_process_go_to_sleep         (abs)        000
__size_of_app_process_key                 (abs)        000
__size_of_app_process_motor_duty          (abs)        000
__size_of_app_process_power_off           (abs)        000
__size_of_app_process_set_mode_init       (abs)        000
__size_of_app_process_set_mode_next       (abs)        000
__size_of_app_process_set_water_mode_next (abs)        000
__size_of_app_process_set_water_state     (abs)        000
__size_of_app_process_set_work_state      (abs)        000
__size_of_app_process_water_mdoe_led      (abs)        000
__size_of_app_process_water_working       (abs)        000
__size_of_app_process_water_workoff       (abs)        000
__size_of_app_process_work                (abs)        000
__size_of_app_process_working             (abs)        000
__size_of_app_water_process_work          (abs)        000
__size_of_charge_or_lowBat_check          (abs)        000
__size_of_handle_key_pwr                  (abs)        000
__size_of_handle_key_water                (abs)        000
__size_of_key_brush_pwr_check             (abs)        000
__size_of_key_water_mode_check            (abs)        000
__size_of_key_water_pwr_check             (abs)        000
__size_of_led_charge_pwm                  (abs)        000
__size_of_main                            (abs)        000
__size_of_process_led                     (abs)        000
__size_of_process_led_remind_low_power    (abs)        000
__size_of_set_led_dirct_state             (abs)        000
__size_of_set_led_state                   (abs)        000
__size_of_water_motor                     (abs)        000
__size_of_water_turn_off                  (abs)        000
__size_of_work_chang_timing               (abs)        000
__size_ofi1_set_led_state                 (abs)        000
_admax                                    bssBANK1     0D1
_admin                                    bssBANK1     0D3
_adresult                                 bssBANK1     0D5
_adresult_chagrge_vdd                     bssBANK0     036
_adresultmotor                            bssBANK1     0CF
_adresultvdd                              bssBANK0     03A
_adresultvdd_back                         bssBANK0     038
_adsum                                    bssBANK1     0C7
_adtimes                                  bssBANK0     052
_app_adc_bat_voltage_check                text36       295
_app_adc_process                          text35       7E4
_app_charge                               bssBANK1     0A0
_app_led_mode_set                         text25       5B8
_app_led_water_mode_set                   text20       412
_app_process_charge                       text31       7E3
_app_process_charing                      text11       753
_app_process_go_to_sleep                  text27       712
_app_process_key                          text13       7C8
_app_process_motor_duty                   text24       2F6
_app_process_power_off                    text12       79A
_app_process_set_mode_init                text23       77B
_app_process_set_mode_next                text22       701
_app_process_set_water_mode_next          text19       7AB
_app_process_set_water_state              text38       7D9
_app_process_set_work_state               text37       7D4
_app_process_water_mdoe_led               text7        6A2
_app_process_water_working                text6        63B
_app_process_water_workoff                text4        7E2
_app_process_work                         text8        76F
_app_process_working                      text9        52D
_app_timer                                bssBANK1     0B2
_app_water_process_work                   text3        744
_app_work_state                           nvBANK0      06D
_bat_remind_delay                         bssBANK0     04E
_charge_force_full_cnt                    bssBANK1     0C3
_charge_full_cnt                          bssBANK0     04D
_charge_or_lowBat_check                   text26       6BE
_dead_area1                               bssBANK0     042
_dead_area_b1                             bssBANK0     040
_dead_area_b2                             bssBANK0     03F
_flag_charge_once                         bitbssCOMMON 3DE
_flag_discharge_once                      bitbssCOMMON 3DD
_handle_key_pwr                           text21       610
_handle_key_water                         text17       38F
_is_charge_pwm                            bitbssCOMMON 3DB
_key_brush_pwr_check                      text16       487
_key_brush_pwrtype                        bssBANK0     04C
_key_water_mode_check                     text15       4F6
_key_water_mode_type                      bssBANK0     04A
_key_water_pwr_check                      text14       4BF
_key_water_pwr_type                       bssBANK0     04B
_led_charge_pwm                           text46       139
_led_index                                bssBANK0     020
_low_a                                    bssBANK0     043
_low_b                                    bssBANK0     041
_main                                     maintext     664
_motor_fix_cnt                            bssBANK0     026
_motor_lock_cnt                           bssBANK0     04F
_process_led                              text45       232
_process_led_remind_low_power             text1        1C3
_pwm_timer                                bssBANK0     028
_set_led_dirct_state                      text2        7B3
_set_led_state                            text33       5E4
_step                                     bssBANK0     046
_water_mode_led_cnt                       bssBANK0     024
_water_motor                              text18       683
_water_turn_off                           text5        791
_water_work_mode                          dataBANK0    061
_water_work_state                         nvBANK0      06C
_water_work_step                          bssBANK0     03E
_work_chang_timing                        text10       6D8
_work_mode                                dataBANK0    066
_work_step                                bssBANK0     044
app_process_set_water_state@states        cstackBANK0  053
app_process_set_work_state@states         cstackBANK0  053
btemp                                     (abs)        07E
clear_ram0                                clrtext      7A3
end_of_initialization                     cinit        023
entry__app_process_charing                functab      02C
entry__app_process_power_off              functab      02B
entry__app_process_working                functab      02D
fpbase                                    functab      02A
fptable                                   functab      025
fptotal                                   (abs)        003
i1_set_led_state                          text47       55D
i1set_led_state@index                     cstackCOMMON 070
i1set_led_state@state                     cstackCOMMON 072
interrupt_function                        intentry     004
intlevel0                                 functab      025
intlevel1                                 functab      025
intlevel2                                 functab      025
intlevel3                                 functab      025
intlevel4                                 functab      025
intlevel5                                 functab      025
reset_vec                                 reset_vec    000
saved_w                                   (abs)        07E
set_led_dirct_state@index                 cstackBANK0  053
set_led_state@index                       cstackBANK0  053
set_led_state@state                       cstackBANK0  055
stackhi                                   (abs)        000
stacklo                                   (abs)        000
start                                     init         00A
start_initialization                      cinit        00B
wtemp0                                    (abs)        07E


FUNCTION INFORMATION:

 *************** function _main *****************
 Defined at:
		line 85 in file "D:\Weiai\project\°¬çê¶û\ABB868\ABB868_V4_SC8P1712E_20250310_0xf33d¸ÄÎªºôÎüµÆ°æ±¾\main.c"
 Parameters:    Size  Location     Type
		None
 Auto vars:     Size  Location     Type
		None
 Return value:  Size  Location     Type
                  1    wreg      void 
 Registers used:
		wreg, fsr0l, fsr0h, status,2, status,0, pclath, cstack
 Tracked objects:
		On entry : 
		On exit  : 
		Unchanged: 
 Data sizes:     COMMON   BANK0   BANK1
      Params:         0       0       0
      Locals:         0       0       0
      Temps:          0       0       0
      Totals:         0       0       0
Total ram usage:        0 bytes
 Hardware stack levels required when called:    8
 This function calls:
		_AdcConfig
		_PortInit
		_PwmConfig
		_Timer0Cofng
		_Timer2Config
		_app_adc_process
		_app_process_charge
		_app_process_go_to_sleep
		_app_process_key
		_app_process_set_water_state
		_app_process_set_work_state
		_app_process_work
		_app_water_process_work
		_process_led_remind_low_power
 This function is called by:
		Startup code after reset
 This function uses a non-reentrant model


 *************** function _process_led_remind_low_power *****************
 Defined at:
		line 194 in file "D:\Weiai\project\°¬çê¶û\ABB868\ABB868_V4_SC8P1712E_20250310_0xf33d¸ÄÎªºôÎüµÆ°æ±¾\app_led.c"
 Parameters:    Size  Location     Type
		None
 Auto vars:     Size  Location     Type
		None
 Return value:  Size  Location     Type
                  1    wreg      void 
 Registers used:
		wreg, status,2, status,0, pclath, cstack
 Tracked objects:
		On entry : 
		On exit  : 
		Unchanged: 
 Data sizes:     COMMON   BANK0   BANK1
      Params:         0       0       0
      Locals:         0       0       0
      Temps:          0       0       0
      Totals:         0       0       0
Total ram usage:        0 bytes
 Hardware stack levels used:    1
 Hardware stack levels required when called:    4
 This function calls:
		_app_process_set_water_state
		_app_process_set_work_state
		_set_led_dirct_state
		_set_led_state
 This function is called by:
		_main
 This function uses a non-reentrant model


 *************** function _set_led_dirct_state *****************
 Defined at:
		line 281 in file "D:\Weiai\project\°¬çê¶û\ABB868\ABB868_V4_SC8P1712E_20250310_0xf33d¸ÄÎªºôÎüµÆ°æ±¾\app_led.c"
 Parameters:    Size  Location     Type
  index           2    0[BANK0 ] enum E591
 Auto vars:     Size  Location     Type
		None
 Return value:  Size  Location     Type
                  1    wreg      void 
 Registers used:
		wreg
 Tracked objects:
		On entry : 
		On exit  : 
		Unchanged: 
 Data sizes:     COMMON   BANK0   BANK1
      Params:         0       2       0
      Locals:         0       0       0
      Temps:          0       0       0
      Totals:         0       2       0
Total ram usage:        2 bytes
 Hardware stack levels used:    1
 Hardware stack levels required when called:    3
 This function calls:
		Nothing
 This function is called by:
		_process_led_remind_low_power
 This function uses a non-reentrant model


 *************** function _app_water_process_work *****************
 Defined at:
		line 169 in file "D:\Weiai\project\°¬çê¶û\ABB868\ABB868_V4_SC8P1712E_20250310_0xf33d¸ÄÎªºôÎüµÆ°æ±¾\app_water_process.c"
 Parameters:    Size  Location     Type
		None
 Auto vars:     Size  Location     Type
		None
 Return value:  Size  Location     Type
                  1    wreg      void 
 Registers used:
		wreg, fsr0l, fsr0h, status,2, status,0, pclath, cstack
 Tracked objects:
		On entry : 
		On exit  : 
		Unchanged: 
 Data sizes:     COMMON   BANK0   BANK1
      Params:         0       0       0
      Locals:         0       0       0
      Temps:          0       0       0
      Totals:         0       0       0
Total ram usage:        0 bytes
 Hardware stack levels used:    1
 Hardware stack levels required when called:    6
 This function calls:
		_app_process_water_mdoe_led
		_app_process_water_working
		_app_process_water_workoff
 This function is called by:
		_main
 This function uses a non-reentrant model


 *************** function _app_process_water_workoff *****************
 Defined at:
		line 141 in file "D:\Weiai\project\°¬çê¶û\ABB868\ABB868_V4_SC8P1712E_20250310_0xf33d¸ÄÎªºôÎüµÆ°æ±¾\app_water_process.c"
 Parameters:    Size  Location     Type
		None
 Auto vars:     Size  Location     Type
		None
 Return value:  Size  Location     Type
                  1    wreg      void 
 Registers used:
		wreg, status,2, status,0, pclath, cstack
 Tracked objects:
		On entry : 
		On exit  : 
		Unchanged: 
 Data sizes:     COMMON   BANK0   BANK1
      Params:         0       0       0
      Locals:         0       0       0
      Temps:          0       0       0
      Totals:         0       0       0
Total ram usage:        0 bytes
 Hardware stack levels used:    1
 Hardware stack levels required when called:    5
 This function calls:
		_water_turn_off
 This function is called by:
		_app_water_process_work
 This function uses a non-reentrant model


 *************** function _water_turn_off *****************
 Defined at:
		line 131 in file "D:\Weiai\project\°¬çê¶û\ABB868\ABB868_V4_SC8P1712E_20250310_0xf33d¸ÄÎªºôÎüµÆ°æ±¾\app_water_process.c"
 Parameters:    Size  Location     Type
		None
 Auto vars:     Size  Location     Type
		None
 Return value:  Size  Location     Type
                  1    wreg      void 
 Registers used:
		wreg, status,2, status,0, pclath, cstack
 Tracked objects:
		On entry : 
		On exit  : 
		Unchanged: 
 Data sizes:     COMMON   BANK0   BANK1
      Params:         0       0       0
      Locals:         0       0       0
      Temps:          0       0       0
      Totals:         0       0       0
Total ram usage:        0 bytes
 Hardware stack levels used:    1
 Hardware stack levels required when called:    4
 This function calls:
		_set_led_state
 This function is called by:
		_app_process_water_workoff
 This function uses a non-reentrant model


 *************** function _app_process_water_working *****************
 Defined at:
		line 95 in file "D:\Weiai\project\°¬çê¶û\ABB868\ABB868_V4_SC8P1712E_20250310_0xf33d¸ÄÎªºôÎüµÆ°æ±¾\app_water_process.c"
 Parameters:    Size  Location     Type
		None
 Auto vars:     Size  Location     Type
		None
 Return value:  Size  Location     Type
                  1    wreg      void 
 Registers used:
		wreg, status,2, status,0, pclath, cstack
 Tracked objects:
		On entry : 
		On exit  : 
		Unchanged: 
 Data sizes:     COMMON   BANK0   BANK1
      Params:         0       0       0
      Locals:         0       0       0
      Temps:          0       0       0
      Totals:         0       0       0
Total ram usage:        0 bytes
 Hardware stack levels used:    1
 Hardware stack levels required when called:    4
 This function calls:
		_app_process_set_water_state
 This function is called by:
		_app_water_process_work
 This function uses a non-reentrant model


 *************** function _app_process_water_mdoe_led *****************
 Defined at:
		line 147 in file "D:\Weiai\project\°¬çê¶û\ABB868\ABB868_V4_SC8P1712E_20250310_0xf33d¸ÄÎªºôÎüµÆ°æ±¾\app_water_process.c"
 Parameters:    Size  Location     Type
		None
 Auto vars:     Size  Location     Type
		None
 Return value:  Size  Location     Type
                  1    wreg      void 
 Registers used:
		wreg, status,2, status,0, pclath, cstack
 Tracked objects:
		On entry : 
		On exit  : 
		Unchanged: 
 Data sizes:     COMMON   BANK0   BANK1
      Params:         0       0       0
      Locals:         0       0       0
      Temps:          0       0       0
      Totals:         0       0       0
Total ram usage:        0 bytes
 Hardware stack levels used:    1
 Hardware stack levels required when called:    4
 This function calls:
		_app_process_set_water_state
 This function is called by:
		_app_water_process_work
 This function uses a non-reentrant model


 *************** function _app_process_work *****************
 Defined at:
		line 209 in file "D:\Weiai\project\°¬çê¶û\ABB868\ABB868_V4_SC8P1712E_20250310_0xf33d¸ÄÎªºôÎüµÆ°æ±¾\app_process.c"
 Parameters:    Size  Location     Type
		None
 Auto vars:     Size  Location     Type
		None
 Return value:  Size  Location     Type
                  1    wreg      void 
 Registers used:
		wreg, status,2, status,0, pclath, cstack
 Tracked objects:
		On entry : 
		On exit  : 
		Unchanged: 
 Data sizes:     COMMON   BANK0   BANK1
      Params:         0       0       0
      Locals:         0       0       0
      Temps:          0       0       0
      Totals:         0       0       0
Total ram usage:        0 bytes
 Hardware stack levels used:    1
 Hardware stack levels required when called:    6
 This function calls:
		_app_process_charing
		_app_process_power_off
		_app_process_working
 This function is called by:
		_main
 This function uses a non-reentrant model


 *************** function _app_process_working *****************
 Defined at:
		line 41 in file "D:\Weiai\project\°¬çê¶û\ABB868\ABB868_V4_SC8P1712E_20250310_0xf33d¸ÄÎªºôÎüµÆ°æ±¾\app_process.c"
 Parameters:    Size  Location     Type
		None
 Auto vars:     Size  Location     Type
		None
 Return value:  Size  Location     Type
                  1    wreg      void 
 Registers used:
		wreg, status,2, status,0, pclath, cstack
 Tracked objects:
		On entry : 
		On exit  : 
		Unchanged: 
 Data sizes:     COMMON   BANK0   BANK1
      Params:         0       0       0
      Locals:         0       0       0
      Temps:          0       0       0
      Totals:         0       0       0
Total ram usage:        0 bytes
 Hardware stack levels used:    1
 Hardware stack levels required when called:    4
 This function calls:
		_app_process_set_work_state
		_work_chang_timing
 This function is called by:
		_app_process_work
 This function uses a non-reentrant model


 *************** function _work_chang_timing *****************
 Defined at:
		line 3 in file "D:\Weiai\project\°¬çê¶û\ABB868\ABB868_V4_SC8P1712E_20250310_0xf33d¸ÄÎªºôÎüµÆ°æ±¾\app_timer.c"
 Parameters:    Size  Location     Type
		None
 Auto vars:     Size  Location     Type
		None
 Return value:  Size  Location     Type
                  1    wreg      void 
 Registers used:
		wreg, status,2, status,0
 Tracked objects:
		On entry : 
		On exit  : 
		Unchanged: 
 Data sizes:     COMMON   BANK0   BANK1
      Params:         0       0       0
      Locals:         0       0       0
      Temps:          0       0       0
      Totals:         0       0       0
Total ram usage:        0 bytes
 Hardware stack levels used:    1
 Hardware stack levels required when called:    3
 This function calls:
		Nothing
 This function is called by:
		_app_process_working
 This function uses a non-reentrant model


 *************** function _app_process_charing *****************
 Defined at:
		line 99 in file "D:\Weiai\project\°¬çê¶û\ABB868\ABB868_V4_SC8P1712E_20250310_0xf33d¸ÄÎªºôÎüµÆ°æ±¾\app_process.c"
 Parameters:    Size  Location     Type
		None
 Auto vars:     Size  Location     Type
		None
 Return value:  Size  Location     Type
                  1    wreg      void 
 Registers used:
		wreg, status,2, status,0, pclath, cstack
 Tracked objects:
		On entry : 
		On exit  : 
		Unchanged: 
 Data sizes:     COMMON   BANK0   BANK1
      Params:         0       0       0
      Locals:         0       0       0
      Temps:          0       0       0
      Totals:         0       0       0
Total ram usage:        0 bytes
 Hardware stack levels used:    1
 Hardware stack levels required when called:    5
 This function calls:
		_app_process_power_off
		_app_process_set_water_state
 This function is called by:
		_app_process_work
 This function uses a non-reentrant model


 *************** function _app_process_power_off *****************
 Defined at:
		line 78 in file "D:\Weiai\project\°¬çê¶û\ABB868\ABB868_V4_SC8P1712E_20250310_0xf33d¸ÄÎªºôÎüµÆ°æ±¾\app_process.c"
 Parameters:    Size  Location     Type
		None
 Auto vars:     Size  Location     Type
		None
 Return value:  Size  Location     Type
                  1    wreg      void 
 Registers used:
		wreg, status,2, status,0, pclath, cstack
 Tracked objects:
		On entry : 
		On exit  : 
		Unchanged: 
 Data sizes:     COMMON   BANK0   BANK1
      Params:         0       0       0
      Locals:         0       0       0
      Temps:          0       0       0
      Totals:         0       0       0
Total ram usage:        0 bytes
 Hardware stack levels used:    1
 Hardware stack levels required when called:    4
 This function calls:
		_set_led_state
 This function is called by:
		_app_process_charing
		_app_process_work
 This function uses a non-reentrant model


 *************** function _app_process_key *****************
 Defined at:
		line 309 in file "D:\Weiai\project\°¬çê¶û\ABB868\ABB868_V4_SC8P1712E_20250310_0xf33d¸ÄÎªºôÎüµÆ°æ±¾\app_key.c"
 Parameters:    Size  Location     Type
		None
 Auto vars:     Size  Location     Type
		None
 Return value:  Size  Location     Type
                  1    wreg      void 
 Registers used:
		wreg, fsr0l, fsr0h, status,2, status,0, pclath, cstack
 Tracked objects:
		On entry : 
		On exit  : 
		Unchanged: 
 Data sizes:     COMMON   BANK0   BANK1
      Params:         0       0       0
      Locals:         0       0       0
      Temps:          0       0       0
      Totals:         0       0       0
Total ram usage:        0 bytes
 Hardware stack levels used:    1
 Hardware stack levels required when called:    7
 This function calls:
		_charge_or_lowBat_check
		_handle_key_pwr
		_handle_key_water
		_key_brush_pwr_check
		_key_water_mode_check
		_key_water_pwr_check
 This function is called by:
		_main
 This function uses a non-reentrant model


 *************** function _key_water_pwr_check *****************
 Defined at:
		line 60 in file "D:\Weiai\project\°¬çê¶û\ABB868\ABB868_V4_SC8P1712E_20250310_0xf33d¸ÄÎªºôÎüµÆ°æ±¾\app_key.c"
 Parameters:    Size  Location     Type
		None
 Auto vars:     Size  Location     Type
		None
 Return value:  Size  Location     Type
                  1    wreg      void 
 Registers used:
		wreg, status,2, status,0
 Tracked objects:
		On entry : 
		On exit  : 
		Unchanged: 
 Data sizes:     COMMON   BANK0   BANK1
      Params:         0       0       0
      Locals:         0       0       0
      Temps:          0       0       0
      Totals:         0       0       0
Total ram usage:        0 bytes
 Hardware stack levels used:    1
 Hardware stack levels required when called:    3
 This function calls:
		Nothing
 This function is called by:
		_app_process_key
 This function uses a non-reentrant model


 *************** function _key_water_mode_check *****************
 Defined at:
		line 100 in file "D:\Weiai\project\°¬çê¶û\ABB868\ABB868_V4_SC8P1712E_20250310_0xf33d¸ÄÎªºôÎüµÆ°æ±¾\app_key.c"
 Parameters:    Size  Location     Type
		None
 Auto vars:     Size  Location     Type
		None
 Return value:  Size  Location     Type
                  1    wreg      void 
 Registers used:
		wreg, status,2, status,0
 Tracked objects:
		On entry : 
		On exit  : 
		Unchanged: 
 Data sizes:     COMMON   BANK0   BANK1
      Params:         0       0       0
      Locals:         0       0       0
      Temps:          0       0       0
      Totals:         0       0       0
Total ram usage:        0 bytes
 Hardware stack levels used:    1
 Hardware stack levels required when called:    3
 This function calls:
		Nothing
 This function is called by:
		_app_process_key
 This function uses a non-reentrant model


 *************** function _key_brush_pwr_check *****************
 Defined at:
		line 19 in file "D:\Weiai\project\°¬çê¶û\ABB868\ABB868_V4_SC8P1712E_20250310_0xf33d¸ÄÎªºôÎüµÆ°æ±¾\app_key.c"
 Parameters:    Size  Location     Type
		None
 Auto vars:     Size  Location     Type
		None
 Return value:  Size  Location     Type
                  1    wreg      void 
 Registers used:
		wreg, status,2, status,0
 Tracked objects:
		On entry : 
		On exit  : 
		Unchanged: 
 Data sizes:     COMMON   BANK0   BANK1
      Params:         0       0       0
      Locals:         0       0       0
      Temps:          0       0       0
      Totals:         0       0       0
Total ram usage:        0 bytes
 Hardware stack levels used:    1
 Hardware stack levels required when called:    3
 This function calls:
		Nothing
 This function is called by:
		_app_process_key
 This function uses a non-reentrant model


 *************** function _handle_key_water *****************
 Defined at:
		line 245 in file "D:\Weiai\project\°¬çê¶û\ABB868\ABB868_V4_SC8P1712E_20250310_0xf33d¸ÄÎªºôÎüµÆ°æ±¾\app_key.c"
 Parameters:    Size  Location     Type
		None
 Auto vars:     Size  Location     Type
		None
 Return value:  Size  Location     Type
                  1    wreg      void 
 Registers used:
		wreg, fsr0l, fsr0h, status,2, status,0, pclath, cstack
 Tracked objects:
		On entry : 
		On exit  : 
		Unchanged: 
 Data sizes:     COMMON   BANK0   BANK1
      Params:         0       0       0
      Locals:         0       0       0
      Temps:          0       0       0
      Totals:         0       0       0
Total ram usage:        0 bytes
 Hardware stack levels used:    1
 Hardware stack levels required when called:    5
 This function calls:
		_app_led_water_mode_set
		_app_process_set_water_mode_next
		_app_process_set_water_state
		_water_motor
 This function is called by:
		_app_process_key
 This function uses a non-reentrant model


 *************** function _water_motor *****************
 Defined at:
		line 23 in file "D:\Weiai\project\°¬çê¶û\ABB868\ABB868_V4_SC8P1712E_20250310_0xf33d¸ÄÎªºôÎüµÆ°æ±¾\app_water_process.c"
 Parameters:    Size  Location     Type
		None
 Auto vars:     Size  Location     Type
		None
 Return value:  Size  Location     Type
                  1    wreg      void 
 Registers used:
		wreg, status,2, status,0
 Tracked objects:
		On entry : 
		On exit  : 
		Unchanged: 
 Data sizes:     COMMON   BANK0   BANK1
      Params:         0       0       0
      Locals:         0       0       0
      Temps:          0       0       0
      Totals:         0       0       0
Total ram usage:        0 bytes
 Hardware stack levels used:    1
 Hardware stack levels required when called:    3
 This function calls:
		Nothing
 This function is called by:
		_handle_key_water
 This function uses a non-reentrant model


 *************** function _app_process_set_water_mode_next *****************
 Defined at:
		line 59 in file "D:\Weiai\project\°¬çê¶û\ABB868\ABB868_V4_SC8P1712E_20250310_0xf33d¸ÄÎªºôÎüµÆ°æ±¾\app_water_process.c"
 Parameters:    Size  Location     Type
		None
 Auto vars:     Size  Location     Type
		None
 Return value:  Size  Location     Type
                  1    wreg      void 
 Registers used:
		wreg, status,2, status,0
 Tracked objects:
		On entry : 
		On exit  : 
		Unchanged: 
 Data sizes:     COMMON   BANK0   BANK1
      Params:         0       0       0
      Locals:         0       0       0
      Temps:          0       0       0
      Totals:         0       0       0
Total ram usage:        0 bytes
 Hardware stack levels used:    1
 Hardware stack levels required when called:    3
 This function calls:
		Nothing
 This function is called by:
		_handle_key_water
 This function uses a non-reentrant model


 *************** function _app_led_water_mode_set *****************
 Defined at:
		line 166 in file "D:\Weiai\project\°¬çê¶û\ABB868\ABB868_V4_SC8P1712E_20250310_0xf33d¸ÄÎªºôÎüµÆ°æ±¾\app_led.c"
 Parameters:    Size  Location     Type
		None
 Auto vars:     Size  Location     Type
		None
 Return value:  Size  Location     Type
                  1    wreg      void 
 Registers used:
		wreg, status,2, status,0, pclath, cstack
 Tracked objects:
		On entry : 
		On exit  : 
		Unchanged: 
 Data sizes:     COMMON   BANK0   BANK1
      Params:         0       0       0
      Locals:         0       0       0
      Temps:          0       0       0
      Totals:         0       0       0
Total ram usage:        0 bytes
 Hardware stack levels used:    1
 Hardware stack levels required when called:    4
 This function calls:
		_set_led_state
 This function is called by:
		_handle_key_water
 This function uses a non-reentrant model


 *************** function _handle_key_pwr *****************
 Defined at:
		line 192 in file "D:\Weiai\project\°¬çê¶û\ABB868\ABB868_V4_SC8P1712E_20250310_0xf33d¸ÄÎªºôÎüµÆ°æ±¾\app_key.c"
 Parameters:    Size  Location     Type
		None
 Auto vars:     Size  Location     Type
		None
 Return value:  Size  Location     Type
                  1    wreg      void 
 Registers used:
		wreg, fsr0l, fsr0h, status,2, status,0, pclath, cstack
 Tracked objects:
		On entry : 
		On exit  : 
		Unchanged: 
 Data sizes:     COMMON   BANK0   BANK1
      Params:         0       0       0
      Locals:         0       0       0
      Temps:          0       0       0
      Totals:         0       0       0
Total ram usage:        0 bytes
 Hardware stack levels used:    1
 Hardware stack levels required when called:    6
 This function calls:
		_app_process_set_mode_init
		_app_process_set_mode_next
		_app_process_set_work_state
 This function is called by:
		_app_process_key
 This function uses a non-reentrant model


 *************** function _app_process_set_mode_next *****************
 Defined at:
		line 42 in file "D:\Weiai\project\°¬çê¶û\ABB868\ABB868_V4_SC8P1712E_20250310_0xf33d¸ÄÎªºôÎüµÆ°æ±¾\app_motor.c"
 Parameters:    Size  Location     Type
		None
 Auto vars:     Size  Location     Type
		None
 Return value:  Size  Location     Type
                  1    wreg      void 
 Registers used:
		wreg, fsr0l, fsr0h, status,2, status,0, pclath, cstack
 Tracked objects:
		On entry : 
		On exit  : 
		Unchanged: 
 Data sizes:     COMMON   BANK0   BANK1
      Params:         0       0       0
      Locals:         0       0       0
      Temps:          0       0       0
      Totals:         0       0       0
Total ram usage:        0 bytes
 Hardware stack levels used:    1
 Hardware stack levels required when called:    5
 This function calls:
		_app_led_mode_set
		_app_process_motor_duty
 This function is called by:
		_handle_key_pwr
 This function uses a non-reentrant model


 *************** function _app_process_set_mode_init *****************
 Defined at:
		line 34 in file "D:\Weiai\project\°¬çê¶û\ABB868\ABB868_V4_SC8P1712E_20250310_0xf33d¸ÄÎªºôÎüµÆ°æ±¾\app_motor.c"
 Parameters:    Size  Location     Type
		None
 Auto vars:     Size  Location     Type
		None
 Return value:  Size  Location     Type
                  1    wreg      void 
 Registers used:
		wreg, fsr0l, fsr0h, status,2, status,0, pclath, cstack
 Tracked objects:
		On entry : 
		On exit  : 
		Unchanged: 
 Data sizes:     COMMON   BANK0   BANK1
      Params:         0       0       0
      Locals:         0       0       0
      Temps:          0       0       0
      Totals:         0       0       0
Total ram usage:        0 bytes
 Hardware stack levels used:    1
 Hardware stack levels required when called:    5
 This function calls:
		_app_led_mode_set
		_app_process_motor_duty
 This function is called by:
		_handle_key_pwr
 This function uses a non-reentrant model


 *************** function _app_process_motor_duty *****************
 Defined at:
		line 54 in file "D:\Weiai\project\°¬çê¶û\ABB868\ABB868_V4_SC8P1712E_20250310_0xf33d¸ÄÎªºôÎüµÆ°æ±¾\app_motor.c"
 Parameters:    Size  Location     Type
		None
 Auto vars:     Size  Location     Type
		None
 Return value:  Size  Location     Type
                  1    wreg      void 
 Registers used:
		wreg, fsr0l, fsr0h, status,2, status,0
 Tracked objects:
		On entry : 
		On exit  : 
		Unchanged: 
 Data sizes:     COMMON   BANK0   BANK1
      Params:         0       0       0
      Locals:         0       0       0
      Temps:          0       6       0
      Totals:         0       6       0
Total ram usage:        6 bytes
 Hardware stack levels used:    1
 Hardware stack levels required when called:    3
 This function calls:
		Nothing
 This function is called by:
		_app_process_set_mode_init
		_app_process_set_mode_next
 This function uses a non-reentrant model


 *************** function _app_led_mode_set *****************
 Defined at:
		line 147 in file "D:\Weiai\project\°¬çê¶û\ABB868\ABB868_V4_SC8P1712E_20250310_0xf33d¸ÄÎªºôÎüµÆ°æ±¾\app_led.c"
 Parameters:    Size  Location     Type
		None
 Auto vars:     Size  Location     Type
		None
 Return value:  Size  Location     Type
                  1    wreg      void 
 Registers used:
		wreg, status,2, status,0, pclath, cstack
 Tracked objects:
		On entry : 
		On exit  : 
		Unchanged: 
 Data sizes:     COMMON   BANK0   BANK1
      Params:         0       0       0
      Locals:         0       0       0
      Temps:          0       0       0
      Totals:         0       0       0
Total ram usage:        0 bytes
 Hardware stack levels used:    1
 Hardware stack levels required when called:    4
 This function calls:
		_set_led_state
 This function is called by:
		_app_process_set_mode_init
		_app_process_set_mode_next
 This function uses a non-reentrant model


 *************** function _charge_or_lowBat_check *****************
 Defined at:
		line 141 in file "D:\Weiai\project\°¬çê¶û\ABB868\ABB868_V4_SC8P1712E_20250310_0xf33d¸ÄÎªºôÎüµÆ°æ±¾\app_key.c"
 Parameters:    Size  Location     Type
		None
 Auto vars:     Size  Location     Type
		None
 Return value:  Size  Location     Type
                  1    wreg      void 
 Registers used:
		wreg, status,2, status,0
 Tracked objects:
		On entry : 
		On exit  : 
		Unchanged: 
 Data sizes:     COMMON   BANK0   BANK1
      Params:         0       0       0
      Locals:         0       0       0
      Temps:          0       0       0
      Totals:         0       0       0
Total ram usage:        0 bytes
 Hardware stack levels used:    1
 Hardware stack levels required when called:    3
 This function calls:
		Nothing
 This function is called by:
		_app_process_key
 This function uses a non-reentrant model


 *************** function _app_process_go_to_sleep *****************
 Defined at:
		line 86 in file "D:\Weiai\project\°¬çê¶û\ABB868\ABB868_V4_SC8P1712E_20250310_0xf33d¸ÄÎªºôÎüµÆ°æ±¾\app_process.c"
 Parameters:    Size  Location     Type
		None
 Auto vars:     Size  Location     Type
		None
 Return value:  Size  Location     Type
                  1    wreg      void 
 Registers used:
		wreg, status,2, status,0, pclath, cstack
 Tracked objects:
		On entry : 
		On exit  : 
		Unchanged: 
 Data sizes:     COMMON   BANK0   BANK1
      Params:         0       0       0
      Locals:         0       0       0
      Temps:          0       0       0
      Totals:         0       0       0
Total ram usage:        0 bytes
 Hardware stack levels used:    1
 Hardware stack levels required when called:    5
 This function calls:
		_GotoSleep
 This function is called by:
		_main
 This function uses a non-reentrant model


 *************** function _GotoSleep *****************
 Defined at:
		line 139 in file "D:\Weiai\project\°¬çê¶û\ABB868\ABB868_V4_SC8P1712E_20250310_0xf33d¸ÄÎªºôÎüµÆ°æ±¾\main.c"
 Parameters:    Size  Location     Type
		None
 Auto vars:     Size  Location     Type
		None
 Return value:  Size  Location     Type
                  1    wreg      void 
 Registers used:
		wreg, status,2, status,0, pclath, cstack
 Tracked objects:
		On entry : 
		On exit  : 
		Unchanged: 
 Data sizes:     COMMON   BANK0   BANK1
      Params:         0       0       0
      Locals:         0       0       0
      Temps:          0       0       0
      Totals:         0       0       0
Total ram usage:        0 bytes
 Hardware stack levels used:    1
 Hardware stack levels required when called:    4
 This function calls:
		_AdcConfig
		_ChargePwmOut
		_PortInit
 This function is called by:
		_app_process_go_to_sleep
 This function uses a non-reentrant model


 *************** function _PortInit *****************
 Defined at:
		line 25 in file "D:\Weiai\project\°¬çê¶û\ABB868\ABB868_V4_SC8P1712E_20250310_0xf33d¸ÄÎªºôÎüµÆ°æ±¾\main.c"
 Parameters:    Size  Location     Type
		None
 Auto vars:     Size  Location     Type
		None
 Return value:  Size  Location     Type
                  1    wreg      void 
 Registers used:
		wreg, status,2
 Tracked objects:
		On entry : 
		On exit  : 
		Unchanged: 
 Data sizes:     COMMON   BANK0   BANK1
      Params:         0       0       0
      Locals:         0       0       0
      Temps:          0       0       0
      Totals:         0       0       0
Total ram usage:        0 bytes
 Hardware stack levels used:    1
 Hardware stack levels required when called:    3
 This function calls:
		Nothing
 This function is called by:
		_main
		_GotoSleep
 This function uses a non-reentrant model


 *************** function _AdcConfig *****************
 Defined at:
		line 69 in file "D:\Weiai\project\°¬çê¶û\ABB868\ABB868_V4_SC8P1712E_20250310_0xf33d¸ÄÎªºôÎüµÆ°æ±¾\main.c"
 Parameters:    Size  Location     Type
		None
 Auto vars:     Size  Location     Type
		None
 Return value:  Size  Location     Type
                  1    wreg      void 
 Registers used:
		wreg, status,2
 Tracked objects:
		On entry : 
		On exit  : 
		Unchanged: 
 Data sizes:     COMMON   BANK0   BANK1
      Params:         0       0       0
      Locals:         0       0       0
      Temps:          0       0       0
      Totals:         0       0       0
Total ram usage:        0 bytes
 Hardware stack levels used:    1
 Hardware stack levels required when called:    3
 This function calls:
		Nothing
 This function is called by:
		_main
		_GotoSleep
 This function uses a non-reentrant model


 *************** function _app_process_charge *****************
 Defined at:
		line 244 in file "D:\Weiai\project\°¬çê¶û\ABB868\ABB868_V4_SC8P1712E_20250310_0xf33d¸ÄÎªºôÎüµÆ°æ±¾\app_charge.c"
 Parameters:    Size  Location     Type
		None
 Auto vars:     Size  Location     Type
		None
 Return value:  Size  Location     Type
                  1    wreg      void 
 Registers used:
		wreg, status,2, status,0, pclath, cstack
 Tracked objects:
		On entry : 
		On exit  : 
		Unchanged: 
 Data sizes:     COMMON   BANK0   BANK1
      Params:         0       0       0
      Locals:         0       0       0
      Temps:          0       0       0
      Totals:         0       0       0
Total ram usage:        0 bytes
 Hardware stack levels used:    1
 Hardware stack levels required when called:    6
 This function calls:
		_Charge_Check
 This function is called by:
		_main
 This function uses a non-reentrant model


 *************** function _Charge_Check *****************
 Defined at:
		line 56 in file "D:\Weiai\project\°¬çê¶û\ABB868\ABB868_V4_SC8P1712E_20250310_0xf33d¸ÄÎªºôÎüµÆ°æ±¾\app_charge.c"
 Parameters:    Size  Location     Type
		None
 Auto vars:     Size  Location     Type
		None
 Return value:  Size  Location     Type
                  1    wreg      void 
 Registers used:
		wreg, status,2, status,0, pclath, cstack
 Tracked objects:
		On entry : 
		On exit  : 
		Unchanged: 
 Data sizes:     COMMON   BANK0   BANK1
      Params:         0       0       0
      Locals:         0       0       0
      Temps:          0       1       0
      Totals:         0       1       0
Total ram usage:        1 bytes
 Hardware stack levels used:    1
 Hardware stack levels required when called:    5
 This function calls:
		_AdcResultChk
		_ChargePwmOut
		_app_process_set_work_state
		_set_led_state
 This function is called by:
		_app_process_charge
 This function uses a non-reentrant model


 *************** function _set_led_state *****************
 Defined at:
		line 269 in file "D:\Weiai\project\°¬çê¶û\ABB868\ABB868_V4_SC8P1712E_20250310_0xf33d¸ÄÎªºôÎüµÆ°æ±¾\app_led.c"
 Parameters:    Size  Location     Type
  index           2    0[BANK0 ] enum E591
  state           1    2[BANK0 ] enum E587
 Auto vars:     Size  Location     Type
		None
 Return value:  Size  Location     Type
                  1    wreg      void 
 Registers used:
		wreg, status,2, status,0
 Tracked objects:
		On entry : 
		On exit  : 
		Unchanged: 
 Data sizes:     COMMON   BANK0   BANK1
      Params:         0       3       0
      Locals:         0       0       0
      Temps:          0       6       0
      Totals:         0       9       0
Total ram usage:        9 bytes
 Hardware stack levels used:    1
 Hardware stack levels required when called:    3
 This function calls:
		Nothing
 This function is called by:
		_Charge_Check
		_app_led_mode_set
		_app_led_water_mode_set
		_process_led_remind_low_power
		_app_process_power_off
		_water_turn_off
 This function uses a non-reentrant model


 *************** function _ChargePwmOut *****************
 Defined at:
		line 38 in file "D:\Weiai\project\°¬çê¶û\ABB868\ABB868_V4_SC8P1712E_20250310_0xf33d¸ÄÎªºôÎüµÆ°æ±¾\app_charge.c"
 Parameters:    Size  Location     Type
  Duty            1    wreg     unsigned char 
 Auto vars:     Size  Location     Type
  Duty            1    0[BANK0 ] unsigned char 
 Return value:  Size  Location     Type
                  1    wreg      void 
 Registers used:
		wreg, status,2, status,0
 Tracked objects:
		On entry : 
		On exit  : 
		Unchanged: 
 Data sizes:     COMMON   BANK0   BANK1
      Params:         0       0       0
      Locals:         0       1       0
      Temps:          0       0       0
      Totals:         0       1       0
Total ram usage:        1 bytes
 Hardware stack levels used:    1
 Hardware stack levels required when called:    3
 This function calls:
		Nothing
 This function is called by:
		_Charge_Check
		_GotoSleep
 This function uses a non-reentrant model


 *************** function _app_adc_process *****************
 Defined at:
		line 213 in file "D:\Weiai\project\°¬çê¶û\ABB868\ABB868_V4_SC8P1712E_20250310_0xf33d¸ÄÎªºôÎüµÆ°æ±¾\app_adc.c"
 Parameters:    Size  Location     Type
		None
 Auto vars:     Size  Location     Type
		None
 Return value:  Size  Location     Type
                  1    wreg      void 
 Registers used:
		wreg, status,2, status,0, pclath, cstack
 Tracked objects:
		On entry : 
		On exit  : 
		Unchanged: 
 Data sizes:     COMMON   BANK0   BANK1
      Params:         0       0       0
      Locals:         0       0       0
      Temps:          0       0       0
      Totals:         0       0       0
Total ram usage:        0 bytes
 Hardware stack levels used:    1
 Hardware stack levels required when called:    6
 This function calls:
		_app_adc_bat_voltage_check
 This function is called by:
		_main
 This function uses a non-reentrant model


 *************** function _app_adc_bat_voltage_check *****************
 Defined at:
		line 98 in file "D:\Weiai\project\°¬çê¶û\ABB868\ABB868_V4_SC8P1712E_20250310_0xf33d¸ÄÎªºôÎüµÆ°æ±¾\app_adc.c"
 Parameters:    Size  Location     Type
		None
 Auto vars:     Size  Location     Type
		None
 Return value:  Size  Location     Type
                  1    wreg      void 
 Registers used:
		wreg, status,2, status,0, pclath, cstack
 Tracked objects:
		On entry : 
		On exit  : 
		Unchanged: 
 Data sizes:     COMMON   BANK0   BANK1
      Params:         0       0       0
      Locals:         0       0       0
      Temps:          0       1       0
      Totals:         0       1       0
Total ram usage:        1 bytes
 Hardware stack levels used:    1
 Hardware stack levels required when called:    5
 This function calls:
		_AdcResultChk
		_app_process_set_water_state
		_app_process_set_work_state
 This function is called by:
		_app_adc_process
 This function uses a non-reentrant model


 *************** function _app_process_set_work_state *****************
 Defined at:
		line 34 in file "D:\Weiai\project\°¬çê¶û\ABB868\ABB868_V4_SC8P1712E_20250310_0xf33d¸ÄÎªºôÎüµÆ°æ±¾\app_process.c"
 Parameters:    Size  Location     Type
  states          1    wreg     enum E511
 Auto vars:     Size  Location     Type
  states          1    0[BANK0 ] enum E511
 Return value:  Size  Location     Type
                  1    wreg      void 
 Registers used:
		wreg, status,2
 Tracked objects:
		On entry : 
		On exit  : 
		Unchanged: 
 Data sizes:     COMMON   BANK0   BANK1
      Params:         0       0       0
      Locals:         0       1       0
      Temps:          0       0       0
      Totals:         0       1       0
Total ram usage:        1 bytes
 Hardware stack levels used:    1
 Hardware stack levels required when called:    3
 This function calls:
		Nothing
 This function is called by:
		_app_adc_bat_voltage_check
		_Charge_Check
		_handle_key_pwr
		_process_led_remind_low_power
		_app_process_working
		_main
 This function uses a non-reentrant model


 *************** function _app_process_set_water_state *****************
 Defined at:
		line 17 in file "D:\Weiai\project\°¬çê¶û\ABB868\ABB868_V4_SC8P1712E_20250310_0xf33d¸ÄÎªºôÎüµÆ°æ±¾\app_water_process.c"
 Parameters:    Size  Location     Type
  states          1    wreg     enum E551
 Auto vars:     Size  Location     Type
  states          1    0[BANK0 ] enum E551
 Return value:  Size  Location     Type
                  1    wreg      void 
 Registers used:
		wreg, status,2
 Tracked objects:
		On entry : 
		On exit  : 
		Unchanged: 
 Data sizes:     COMMON   BANK0   BANK1
      Params:         0       0       0
      Locals:         0       1       0
      Temps:          0       0       0
      Totals:         0       1       0
Total ram usage:        1 bytes
 Hardware stack levels used:    1
 Hardware stack levels required when called:    3
 This function calls:
		Nothing
 This function is called by:
		_app_adc_bat_voltage_check
		_handle_key_water
		_process_led_remind_low_power
		_app_process_charing
		_main
		_app_process_water_working
		_app_process_water_mdoe_led
 This function uses a non-reentrant model


 *************** function _AdcResultChk *****************
 Defined at:
		line 54 in file "D:\Weiai\project\°¬çê¶û\ABB868\ABB868_V4_SC8P1712E_20250310_0xf33d¸ÄÎªºôÎüµÆ°æ±¾\app_adc.c"
 Parameters:    Size  Location     Type
  adch            1    wreg     unsigned char 
  adldo           1    6[BANK0 ] unsigned char 
 Auto vars:     Size  Location     Type
  adch            1    9[BANK0 ] unsigned char 
  ad_value        2   11[BANK0 ] volatile unsigned int 
  ad_temp         2    0        volatile unsigned int 
  ad_value_min    2    0        volatile unsigned int 
  ad_value_max    2    0        volatile unsigned int 
  i               1   10[BANK0 ] volatile unsigned char 
 Return value:  Size  Location     Type
                  2    6[BANK0 ] unsigned int 
 Registers used:
		wreg, status,2, status,0, pclath, cstack
 Tracked objects:
		On entry : 
		On exit  : 
		Unchanged: 
 Data sizes:     COMMON   BANK0   BANK1
      Params:         0       3       0
      Locals:         0       4       0
      Temps:          0       0       0
      Totals:         0       7       0
Total ram usage:        7 bytes
 Hardware stack levels used:    1
 Hardware stack levels required when called:    4
 This function calls:
		_AdcOneChk
 This function is called by:
		_app_adc_bat_voltage_check
		_Charge_Check
 This function uses a non-reentrant model


 *************** function _AdcOneChk *****************
 Defined at:
		line 27 in file "D:\Weiai\project\°¬çê¶û\ABB868\ABB868_V4_SC8P1712E_20250310_0xf33d¸ÄÎªºôÎüµÆ°æ±¾\app_adc.c"
 Parameters:    Size  Location     Type
  adch            1    wreg     unsigned char 
  adldo           1    0[BANK0 ] unsigned char 
 Auto vars:     Size  Location     Type
  adch            1    0[COMMON] unsigned char 
  ad_result       2    4[BANK0 ] volatile unsigned int 
  i               1    3[BANK0 ] volatile unsigned char 
 Return value:  Size  Location     Type
                  2    0[BANK0 ] unsigned int 
 Registers used:
		wreg, status,2, status,0
 Tracked objects:
		On entry : 
		On exit  : 
		Unchanged: 
 Data sizes:     COMMON   BANK0   BANK1
      Params:         0       2       0
      Locals:         0       3       0
      Temps:          0       1       0
      Totals:         0       6       0
Total ram usage:        6 bytes
 Hardware stack levels used:    1
 Hardware stack levels required when called:    3
 This function calls:
		Nothing
 This function is called by:
		_AdcResultChk
 This function uses a non-reentrant model


 *************** function _Timer2Config *****************
 Defined at:
		line 52 in file "D:\Weiai\project\°¬çê¶û\ABB868\ABB868_V4_SC8P1712E_20250310_0xf33d¸ÄÎªºôÎüµÆ°æ±¾\main.c"
 Parameters:    Size  Location     Type
		None
 Auto vars:     Size  Location     Type
		None
 Return value:  Size  Location     Type
                  1    wreg      void 
 Registers used:
		wreg
 Tracked objects:
		On entry : 
		On exit  : 
		Unchanged: 
 Data sizes:     COMMON   BANK0   BANK1
      Params:         0       0       0
      Locals:         0       0       0
      Temps:          0       0       0
      Totals:         0       0       0
Total ram usage:        0 bytes
 Hardware stack levels used:    1
 Hardware stack levels required when called:    3
 This function calls:
		Nothing
 This function is called by:
		_main
 This function uses a non-reentrant model


 *************** function _Timer0Cofng *****************
 Defined at:
		line 40 in file "D:\Weiai\project\°¬çê¶û\ABB868\ABB868_V4_SC8P1712E_20250310_0xf33d¸ÄÎªºôÎüµÆ°æ±¾\main.c"
 Parameters:    Size  Location     Type
		None
 Auto vars:     Size  Location     Type
		None
 Return value:  Size  Location     Type
                  1    wreg      void 
 Registers used:
		wreg, status,2
 Tracked objects:
		On entry : 
		On exit  : 
		Unchanged: 
 Data sizes:     COMMON   BANK0   BANK1
      Params:         0       0       0
      Locals:         0       0       0
      Temps:          0       0       0
      Totals:         0       0       0
Total ram usage:        0 bytes
 Hardware stack levels used:    1
 Hardware stack levels required when called:    3
 This function calls:
		Nothing
 This function is called by:
		_main
 This function uses a non-reentrant model


 *************** function _PwmConfig *****************
 Defined at:
		line 76 in file "D:\Weiai\project\°¬çê¶û\ABB868\ABB868_V4_SC8P1712E_20250310_0xf33d¸ÄÎªºôÎüµÆ°æ±¾\main.c"
 Parameters:    Size  Location     Type
		None
 Auto vars:     Size  Location     Type
		None
 Return value:  Size  Location     Type
                  1    wreg      void 
 Registers used:
		wreg, status,2
 Tracked objects:
		On entry : 
		On exit  : 
		Unchanged: 
 Data sizes:     COMMON   BANK0   BANK1
      Params:         0       0       0
      Locals:         0       0       0
      Temps:          0       0       0
      Totals:         0       0       0
Total ram usage:        0 bytes
 Hardware stack levels used:    1
 Hardware stack levels required when called:    3
 This function calls:
		Nothing
 This function is called by:
		_main
 This function uses a non-reentrant model


 *************** function _Timer2_Isr *****************
 Defined at:
		line 207 in file "D:\Weiai\project\°¬çê¶û\ABB868\ABB868_V4_SC8P1712E_20250310_0xf33d¸ÄÎªºôÎüµÆ°æ±¾\main.c"
 Parameters:    Size  Location     Type
		None
 Auto vars:     Size  Location     Type
		None
 Return value:  Size  Location     Type
                  1    wreg      void 
 Registers used:
		wreg, status,2, status,0, pclath, cstack
 Tracked objects:
		On entry : 
		On exit  : 
		Unchanged: 
 Data sizes:     COMMON   BANK0   BANK1
      Params:         0       0       0
      Locals:         0       0       0
      Temps:          2       0       0
      Totals:         2       0       0
Total ram usage:        2 bytes
 Hardware stack levels used:    1
 Hardware stack levels required when called:    2
 This function calls:
		_Mode_control
		_MotorWaterDrive
		_led_charge_pwm
		_process_led
 This function is called by:
		Interrupt level 1
 This function uses a non-reentrant model


 *************** function _process_led *****************
 Defined at:
		line 286 in file "D:\Weiai\project\°¬çê¶û\ABB868\ABB868_V4_SC8P1712E_20250310_0xf33d¸ÄÎªºôÎüµÆ°æ±¾\app_led.c"
 Parameters:    Size  Location     Type
		None
 Auto vars:     Size  Location     Type
		None
 Return value:  Size  Location     Type
                  1    wreg      void 
 Registers used:
		wreg, status,2, status,0
 Tracked objects:
		On entry : 
		On exit  : 
		Unchanged: 
 Data sizes:     COMMON   BANK0   BANK1
      Params:         0       0       0
      Locals:         0       0       0
      Temps:          0       0       0
      Totals:         0       0       0
Total ram usage:        0 bytes
 Hardware stack levels used:    1
 This function calls:
		Nothing
 This function is called by:
		_Timer2_Isr
 This function uses a non-reentrant model


 *************** function _led_charge_pwm *****************
 Defined at:
		line 58 in file "D:\Weiai\project\°¬çê¶û\ABB868\ABB868_V4_SC8P1712E_20250310_0xf33d¸ÄÎªºôÎüµÆ°æ±¾\app_led.c"
 Parameters:    Size  Location     Type
		None
 Auto vars:     Size  Location     Type
		None
 Return value:  Size  Location     Type
                  1    wreg      void 
 Registers used:
		wreg, status,2, status,0, pclath, cstack
 Tracked objects:
		On entry : 
		On exit  : 
		Unchanged: 
 Data sizes:     COMMON   BANK0   BANK1
      Params:         0       0       0
      Locals:         0       0       0
      Temps:          0       0       0
      Totals:         0       0       0
Total ram usage:        0 bytes
 Hardware stack levels used:    1
 Hardware stack levels required when called:    1
 This function calls:
		i1_set_led_state
 This function is called by:
		_Timer2_Isr
 This function uses a non-reentrant model


 *************** function i1_set_led_state *****************
 Defined at:
		line 269 in file "D:\Weiai\project\°¬çê¶û\ABB868\ABB868_V4_SC8P1712E_20250310_0xf33d¸ÄÎªºôÎüµÆ°æ±¾\app_led.c"
 Parameters:    Size  Location     Type
  index           2    0[COMMON] enum E591
  state           1    2[COMMON] enum E587
 Auto vars:     Size  Location     Type
		None
 Return value:  Size  Location     Type
                  1    wreg      void 
 Registers used:
		wreg, status,2, status,0
 Tracked objects:
		On entry : 
		On exit  : 
		Unchanged: 
 Data sizes:     COMMON   BANK0   BANK1
      Params:         3       0       0
      Locals:         0       0       0
      Temps:          6       0       0
      Totals:         9       0       0
Total ram usage:        9 bytes
 Hardware stack levels used:    1
 This function calls:
		Nothing
 This function is called by:
		_led_charge_pwm
 This function uses a non-reentrant model


 *************** function _MotorWaterDrive *****************
 Defined at:
		line 73 in file "D:\Weiai\project\°¬çê¶û\ABB868\ABB868_V4_SC8P1712E_20250310_0xf33d¸ÄÎªºôÎüµÆ°æ±¾\app_water_process.c"
 Parameters:    Size  Location     Type
		None
 Auto vars:     Size  Location     Type
		None
 Return value:  Size  Location     Type
                  1    wreg      void 
 Registers used:
		wreg, status,2, status,0
 Tracked objects:
		On entry : 
		On exit  : 
		Unchanged: 
 Data sizes:     COMMON   BANK0   BANK1
      Params:         0       0       0
      Locals:         0       0       0
      Temps:          0       0       0
      Totals:         0       0       0
Total ram usage:        0 bytes
 Hardware stack levels used:    1
 This function calls:
		Nothing
 This function is called by:
		_Timer2_Isr
 This function uses a non-reentrant model


 *************** function _Mode_control *****************
 Defined at:
		line 89 in file "D:\Weiai\project\°¬çê¶û\ABB868\ABB868_V4_SC8P1712E_20250310_0xf33d¸ÄÎªºôÎüµÆ°æ±¾\app_motor.c"
 Parameters:    Size  Location     Type
		None
 Auto vars:     Size  Location     Type
		None
 Return value:  Size  Location     Type
                  1    wreg      void 
 Registers used:
		wreg, status,2, status,0
 Tracked objects:
		On entry : 
		On exit  : 
		Unchanged: 
 Data sizes:     COMMON   BANK0   BANK1
      Params:         0       0       0
      Locals:         0       0       0
      Temps:          2       0       0
      Totals:         2       0       0
Total ram usage:        2 bytes
 Hardware stack levels used:    1
 This function calls:
		Nothing
 This function is called by:
		_Timer2_Isr
 This function uses a non-reentrant model



MODULE INFORMATION

Module		Function		Class		Link	Load	Size
D:\Weiai\project\°¬çê¶û\ABB868\ABB868_V4_SC8P1712E_20250310_0xf33d¸ÄÎªºôÎüµÆ°æ±¾\app_motor.c
		_Mode_control  		CODE           	0346	0000	74
		_app_process_set_mode_init		CODE           	077B	0000	12
		_app_process_set_mode_next		CODE           	0701	0000	18
		_app_process_motor_duty		CODE           	02F6	0000	81

D:\Weiai\project\°¬çê¶û\ABB868\ABB868_V4_SC8P1712E_20250310_0xf33d¸ÄÎªºôÎüµÆ°æ±¾\app_motor.c estimated size: 185

D:\Weiai\project\°¬çê¶û\ABB868\ABB868_V4_SC8P1712E_20250310_0xf33d¸ÄÎªºôÎüµÆ°æ±¾\app_water_process.c
		_app_process_water_working		CODE           	063B	0000	42
		_app_process_water_workoff		CODE           	07E2	0000	2
		_app_process_water_mdoe_led		CODE           	06A2	0000	29
		_app_process_set_water_mode_next		CODE           	07AB	0000	9
		_water_motor   		CODE           	0683	0000	32
		_water_turn_off		CODE           	0791	0000	10
		_MotorWaterDrive		CODE           	06EE	0000	20
		_app_water_process_work		CODE           	0744	0000	16
		_app_process_set_water_state		CODE           	07D9	0000	6

D:\Weiai\project\°¬çê¶û\ABB868\ABB868_V4_SC8P1712E_20250310_0xf33d¸ÄÎªºôÎüµÆ°æ±¾\app_water_process.c estimated size: 166

D:\Weiai\project\°¬çê¶û\ABB868\ABB868_V4_SC8P1712E_20250310_0xf33d¸ÄÎªºôÎüµÆ°æ±¾\app_charge.c
		_ChargePwmOut  		CODE           	0734	0000	17
		_app_process_charge		CODE           	07E3	0000	2
		_Charge_Check  		CODE           	002E	0000	257

D:\Weiai\project\°¬çê¶û\ABB868\ABB868_V4_SC8P1712E_20250310_0xf33d¸ÄÎªºôÎüµÆ°æ±¾\app_charge.c estimated size: 276

D:\Weiai\project\°¬çê¶û\ABB868\ABB868_V4_SC8P1712E_20250310_0xf33d¸ÄÎªºôÎüµÆ°æ±¾\main.c
		_PwmConfig     		CODE           	07C1	0000	8
		_AdcConfig     		CODE           	07CE	0000	7
		_main          		CODE           	0664	0000	32
		_Timer2Config  		CODE           	0786	0000	12
		_GotoSleep     		CODE           	03D5	0000	62
		_Timer2_Isr    		CODE           	044D	0000	59
		_PortInit      		CODE           	0723	0000	18
		_Timer0Cofng   		CODE           	07BA	0000	8

D:\Weiai\project\°¬çê¶û\ABB868\ABB868_V4_SC8P1712E_20250310_0xf33d¸ÄÎªºôÎüµÆ°æ±¾\main.c estimated size: 206

D:\Weiai\project\°¬çê¶û\ABB868\ABB868_V4_SC8P1712E_20250310_0xf33d¸ÄÎªºôÎüµÆ°æ±¾\app_key.c
		_key_water_mode_check		CODE           	04F6	0000	56
		_key_brush_pwr_check		CODE           	0487	0000	57
		_key_water_pwr_check		CODE           	04BF	0000	56
		_charge_or_lowBat_check		CODE           	06BE	0000	22
		_handle_key_water		CODE           	038F	0000	71
		_handle_key_pwr		CODE           	0610	0000	44
		_app_process_key		CODE           	07C8	0000	7

D:\Weiai\project\°¬çê¶û\ABB868\ABB868_V4_SC8P1712E_20250310_0xf33d¸ÄÎªºôÎüµÆ°æ±¾\app_key.c estimated size: 313

D:\Weiai\project\°¬çê¶û\ABB868\ABB868_V4_SC8P1712E_20250310_0xf33d¸ÄÎªºôÎüµÆ°æ±¾\app_adc.c
		_app_adc_process		CODE           	07E4	0000	2
		_AdcResultChk  		CODE           	0761	0000	15
		_AdcOneChk     		CODE           	058B	0000	46
		_app_adc_bat_voltage_check		CODE           	0295	0000	98

D:\Weiai\project\°¬çê¶û\ABB868\ABB868_V4_SC8P1712E_20250310_0xf33d¸ÄÎªºôÎüµÆ°æ±¾\app_adc.c estimated size: 161

D:\Weiai\project\°¬çê¶û\ABB868\ABB868_V4_SC8P1712E_20250310_0xf33d¸ÄÎªºôÎüµÆ°æ±¾\app_process.c
		_app_process_go_to_sleep		CODE           	0712	0000	18
		_app_process_charing		CODE           	0753	0000	15
		_app_process_working		CODE           	052D	0000	44
		_app_process_work		CODE           	076F	0000	13
		_app_process_power_off		CODE           	079A	0000	10
		_app_process_set_work_state		CODE           	07D4	0000	6

D:\Weiai\project\°¬çê¶û\ABB868\ABB868_V4_SC8P1712E_20250310_0xf33d¸ÄÎªºôÎüµÆ°æ±¾\app_process.c estimated size: 106

shared
		PL12           		CODE           	0134	0000	6
		PL8            		CODE           	06D3	0000	6
		PL14           		CODE           	0290	0000	6
		__initialization		CODE           	000B	0000	25
		__fptable      		ENTRY          	0025	0000	10
		i1_set_led_state		CODE           	055D	0000	47
		PL2            		CODE           	0448	0000	6
		PL10           		CODE           	0558	0000	6
		PL4            		CODE           	012E	0000	7
		PL6            		CODE           	022C	0000	7

shared estimated size: 126

D:\Weiai\project\°¬çê¶û\ABB868\ABB868_V4_SC8P1712E_20250310_0xf33d¸ÄÎªºôÎüµÆ°æ±¾\app_timer.c
		_work_chang_timing		CODE           	06D8	0000	23

D:\Weiai\project\°¬çê¶û\ABB868\ABB868_V4_SC8P1712E_20250310_0xf33d¸ÄÎªºôÎüµÆ°æ±¾\app_timer.c estimated size: 23

D:\Weiai\project\°¬çê¶û\ABB868\ABB868_V4_SC8P1712E_20250310_0xf33d¸ÄÎªºôÎüµÆ°æ±¾\app_led.c
		_process_led   		CODE           	0232	0000	95
		_app_led_water_mode_set		CODE           	0412	0000	55
		_process_led_remind_low_power		CODE           	01C3	0000	106
		_led_charge_pwm		CODE           	0139	0000	139
		_app_led_mode_set		CODE           	05B8	0000	45
		_set_led_dirct_state		CODE           	07B3	0000	8
		_set_led_state 		CODE           	05E4	0000	45

D:\Weiai\project\°¬çê¶û\ABB868\ABB868_V4_SC8P1712E_20250310_0xf33d¸ÄÎªºôÎüµÆ°æ±¾\app_led.c estimated size: 493

